
> react-example@0.0.0 build
> vite build && esbuild server.ts --bundle --platform=node --format=cjs --packages=external --sourcemap --outfile=dist/server.cjs

vite v6.4.2 building for production...
transforming...
✓ 2931 modules transformed.
rendering chunks...
computing gzip size...
dist/index.html                              0.50 kB │ gzip:   0.32 kB
dist/assets/index-B0vkVy6W.css              38.41 kB │ gzip:   7.02 kB
dist/assets/purify.es-DP5U8-sc.js           29.17 kB │ gzip:  10.99 kB
dist/assets/index.es-BQ0aGVrC.js           159.72 kB │ gzip:  53.54 kB
dist/assets/html2canvas.esm-QH1iLAAe.js    202.38 kB │ gzip:  48.04 kB
dist/assets/BarcodeScanner-DfpMNkem.js     377.02 kB │ gzip: 111.28 kB
dist/assets/index-Cly0J04G.js            1,812.96 kB │ gzip: 532.88 kB

(!) Some chunks are larger than 500 kB after minification. Consider:
- Using dynamic import() to code-split the application
- Use build.rollupOptions.output.manualChunks to improve chunking: https://rollupjs.org/configuration-options/#output-manualchunks
- Adjust chunk size limit for this warning via build.chunkSizeWarningLimit.
✓ built in 39.10s

  dist/server.cjs      25.2kb
  dist/server.cjs.map  42.2kb

⚡ Done in 53ms
